# MAPB - Prophet's Bastion (Lord British Castle, 64x64)
# Fortified castle with water moat, walls, shops, throne room
~~~~~~~~~~~~~~~~~~~~~~~~~~~~~~~~~~~~~~~~~~~~~~~~~~~~~~~~~~~~~~~~
~~~~~~~~~~~~~~~~~~~~~~~~~~~~~~~~~~~~~~~~~~~~~~~~~~~~~~~~~~~~~~~~
~~~~~~~~~~~~~~~~~~~~~~~~~~~~~~~~~~~~~~~~~~~~~~~~~~~~~~~~~~~~~~~~
~~~~~~~~~~~~~~~~~~~~~~~~~~~~~~~~~~~~~~~~~~~~~~~~~~~~~~~~~~~~~~~~
~~~~~~~~~~~~~~~~~~~~~~~~~~~~~~~~~~~~~~~~~~~~~~~~~~~~~~~~~~~~~~~~
~~~~~~~~~~~~~~~~~~~~~~~~~~~~~~~~~~~~~~~~~~~~~~~~~~~~~~~~~~~~~~~~
~~~~~~~~~~~~~~~~~~~~~~~~~~~~~~~~~~~~~~~~~~~~~~~~~~~~~~~~~~~~~~~~
~~~~~~~~~~~~~~~~~~~~~~~~~~~~~~~~~~~~~~~~~~~~~~~~~~~~~~~~~~~~~~~~
~~~~~~~~~~~~~~~~~~............................~~~~~~~~~~~~~~~~~~
~~~~~~~~~~~~~~~~~~............................~~~~~~~~~~~~~~~~~~
~~~~~~~~~~~~~~~~~~............................~~~~~~~~~~~~~~~~~~
~~~~~~~~~~~~~~~~~~||||||||||||||||||||||||||||~~~~~~~~~~~~~~~~~~
~~~~~~~~~~~~~~~~~~|::::::::::::::::::::::::::|~~~~~~~~~~~~~~~~~~
~~~~~~~~~~~~~~~~~~|__________________________|~~~~~~~~~~~~~~~~~~
~~~~~~~~~~~~~~~~~~|__________________________|~~~~~~~~~~~~~~~~~~
~~~~~~~~~~~~~~~~~~|__________________________|~~~~~~~~~~~~~~~~~~
~~~~~~~~~~~~~~~~~~|_____c_______|_____c______|~~~~~~~~~~~~~~~~~~
~~~~~~~~~~~~~~~~~~|__________________________|~~~~~~~~~~~~~~~~~~
~~~~~~~~~~~~~~~~~~|__________________________|~~~~~~~~~~~~~~~~~~
~~~~~~~~~~~~~~~~~~|__________________________|~~~~~~~~~~~~~~~~~~
~~~~~~~~~~~~~~~~~~|||||||||||||/||||||||||||||~~~~~~~~~~~~~~~~~~
~~~~~~~~~~~~~~~~~~|__________________________|~~~~~~~~~~~~~~~~~~
~~~~~~~~~~~~~~~~~~|__________________________|~~~~~~~~~~~~~~~~~~
~~~~~~~~~~~~~~~~~~|__________________________|~~~~~~~~~~~~~~~~~~
~~~~~~~~~~~~~~~~~~|____________%_____________|~~~~~~~~~~~~~~~~~~
~~~~~~~~~~~~~~~~~~|__________________________|~~~~~~~~~~~~~~~~~~
~~~~~~~~~~~~~~~~~~|__________________________|~~~~~~~~~~~~~~~~~~
~~~~~~~~~~~~~~~~~~|__________________________|~~~~~~~~~~~~~~~~~~
~~~~~~~~~~~~~~~~~~|||||||||||||/||||||||||||||~~~~~~~~~~~~~~~~~~
~~~~~~~~~~~~~~~~~~|__________________________|~~~~~~~~~~~~~~~~~~
~~~~~~~~~~~~~~~~~~|__________________________|~~~~~~~~~~~~~~~~~~
~~~~~~~~~~~~~~~~~~|__________________________|~~~~~~~~~~~~~~~~~~
~~~~~~~~~~~~~~~~~~|_____b_____b_____b_____b__|~~~~~~~~~~~~~~~~~~
~~~~~~~~~~~~~~~~~~|__________________________|~~~~~~~~~~~~~~~~~~
~~~~~~~~~~~~~~~~~~|__________________________|~~~~~~~~~~~~~~~~~~
~~~~~~~~~~~~~~~~~~|__________________________|~~~~~~~~~~~~~~~~~~
~~~~~~~~~~~~~~~~~~|||||||||||||/||||||||||||||~~~~~~~~~~~~~~~~~~
~~~~~~~~~~~~~~~~~~............................~~~~~~~~~~~~~~~~~~
~~~~~~~~~~~~~~~~~~............................~~~~~~~~~~~~~~~~~~
~~~~~~~~~~~~~~~~~~............................~~~~~~~~~~~~~~~~~~
~~~~~~~~~~~~~~~~~~~~~~~~~~~~~~~~~~~~~~~~~~~~~~~~~~~~~~~~~~~~~~~~
~~~~~~~~~~~~~~~~~~~~~~~~~~~~~~~~~~~~~~~~~~~~~~~~~~~~~~~~~~~~~~~~
~~~~~~~~~~~~~~~~~~~~~~~~~~~~~~~~~~~~~~~~~~~~~~~~~~~~~~~~~~~~~~~~
~~~~~~~~~~~~~~~~~~~~~~~~~~~~~~~~~~~~~~~~~~~~~~~~~~~~~~~~~~~~~~~~
~~~~~~~~~~~~~~~~~~~~~~~~~~~~~~~~~~~~~~~~~~~~~~~~~~~~~~~~~~~~~~~~
~~~~~~~~~~~~~~~~~~~~~~~~~~~~~~~~~~~~~~~~~~~~~~~~~~~~~~~~~~~~~~~~
~~~~~~~~~~~~~~~~~~~~~~~~~~~~~~~~~~~~~~~~~~~~~~~~~~~~~~~~~~~~~~~~
~~~~~~~~~~~~~~~~~~~~~~~~~~~~~~~~~~~~~~~~~~~~~~~~~~~~~~~~~~~~~~~~
~~~~~~~~~~~~~~~~~~~~~~~~~~~~~~~~~~~~~~~~~~~~~~~~~~~~~~~~~~~~~~~~
~~~~~~~~~~~~~~~~~~~~~~~~~~~~~~~~~~~~~~~~~~~~~~~~~~~~~~~~~~~~~~~~
~~~~~~~~~~~~~~~~~~~~~~~~~~~~~~~~~~~~~~~~~~~~~~~~~~~~~~~~~~~~~~~~
~~~~~~~~~~~~~~~~~~~~~~~~~~~~~~~~~~~~~~~~~~~~~~~~~~~~~~~~~~~~~~~~
~~~~~~~~~~~~~~~~~~~~~~~~~~~~~~~~~~~~~~~~~~~~~~~~~~~~~~~~~~~~~~~~
~~~~~~~~~~~~~~~~~~~~~~~~~~~~~~~~~~~~~~~~~~~~~~~~~~~~~~~~~~~~~~~~
~~~~~~~~~~~~~~~~~~~~~~~~~~~~~~~~~~~~~~~~~~~~~~~~~~~~~~~~~~~~~~~~
~~~~~~~~~~~~~~~~~~~~~~~~~~~~~~~~~~~~~~~~~~~~~~~~~~~~~~~~~~~~~~~~
~~~~~~~~~~~~~~~~~~~~~~~~~~~~~~~~~~~~~~~~~~~~~~~~~~~~~~~~~~~~~~~~
~~~~~~~~~~~~~~~~~~~~~~~~~~~~~~~~~~~~~~~~~~~~~~~~~~~~~~~~~~~~~~~~
~~~~~~~~~~~~~~~~~~~~~~~~~~~~~~~~~~~~~~~~~~~~~~~~~~~~~~~~~~~~~~~~
~~~~~~~~~~~~~~~~~~~~~~~~~~~~~~~~~~~~~~~~~~~~~~~~~~~~~~~~~~~~~~~~
~~~~~~~~~~~~~~~~~~~~~~~~~~~~~~~~~~~~~~~~~~~~~~~~~~~~~~~~~~~~~~~~
~~~~~~~~~~~~~~~~~~~~~~~~~~~~~~~~~~~~~~~~~~~~~~~~~~~~~~~~~~~~~~~~
~~~~~~~~~~~~~~~~~~~~~~~~~~~~~~~~~~~~~~~~~~~~~~~~~~~~~~~~~~~~~~~~
~~~~~~~~~~~~~~~~~~~~~~~~~~~~~~~~~~~~~~~~~~~~~~~~~~~~~~~~~~~~~~~~
