# MAPC - Eyeless Spire (Castle 2, 64x64)
# Dark fortress of the Void Cult
~~~~~~~~~~~~~~~~~~~~~~~~~~~~~~~~~~~~~~~~~~~~~~~~~~~~~~~~~~~~~~~~
~~~~~~~~~~~~~~~~~~~~~~~~~~~~~~~~~~~~~~~~~~~~~~~~~~~~~~~~~~~~~~~~
~~~~~~~~~~~~~~~~~~~~~~~~~~~~~~~~~~~~~~~~~~~~~~~~~~~~~~~~~~~~~~~~
~~~~~~~~~~~~~~~~~~~~~~~~~~~~~~~~~~~~~~~~~~~~~~~~~~~~~~~~~~~~~~~~
~~~~~~~~~~~~~~~~~~~~~~~~~~~~~~~~~~~~~~~~~~~~~~~~~~~~~~~~~~~~~~~~
~~~~~~~~~~~~~~~~~~~~~~~~~~~~~~~~~~~~~~~~~~~~~~~~~~~~~~~~~~~~~~~~
~~~~~~~~~~~~~~~~~~~~~~~~~~~~~~~~~~~~~~~~~~~~~~~~~~~~~~~~~~~~~~~~
~~~~~~~~~~~~~~~~~~~~~~~~~~~~~~~~~~~~~~~~~~~~~~~~~~~~~~~~~~~~~~~~
~~~~~~~~~~~~~~~~~~............................~~~~~~~~~~~~~~~~~~
~~~~~~~~~~~~~~~~~~............................~~~~~~~~~~~~~~~~~~
~~~~~~~~~~~~~~~~~~............................~~~~~~~~~~~~~~~~~~
~~~~~~~~~~~~~~~~~~||||||||||||||||||||||||||||~~~~~~~~~~~~~~~~~~
~~~~~~~~~~~~~~~~~~|::::::::::::::::::::::::::|~~~~~~~~~~~~~~~~~~
~~~~~~~~~~~~~~~~~~|__________________________|~~~~~~~~~~~~~~~~~~
~~~~~~~~~~~~~~~~~~|__________________________|~~~~~~~~~~~~~~~~~~
~~~~~~~~~~~~~~~~~~|__________________________|~~~~~~~~~~~~~~~~~~
~~~~~~~~~~~~~~~~~~|_____c_______|_____c______|~~~~~~~~~~~~~~~~~~
~~~~~~~~~~~~~~~~~~|__________________________|~~~~~~~~~~~~~~~~~~
~~~~~~~~~~~~~~~~~~|__________________________|~~~~~~~~~~~~~~~~~~
~~~~~~~~~~~~~~~~~~|__________________________|~~~~~~~~~~~~~~~~~~
~~~~~~~~~~~~~~~~~~|||||||||||||/||||||||||||||~~~~~~~~~~~~~~~~~~
~~~~~~~~~~~~~~~~~~|__________________________|~~~~~~~~~~~~~~~~~~
~~~~~~~~~~~~~~~~~~|__________________________|~~~~~~~~~~~~~~~~~~
~~~~~~~~~~~~~~~~~~|__________________________|~~~~~~~~~~~~~~~~~~
~~~~~~~~~~~~~~~~~~|____________%_____________|~~~~~~~~~~~~~~~~~~
~~~~~~~~~~~~~~~~~~|__________________________|~~~~~~~~~~~~~~~~~~
~~~~~~~~~~~~~~~~~~|__________________________|~~~~~~~~~~~~~~~~~~
~~~~~~~~~~~~~~~~~~|__________________________|~~~~~~~~~~~~~~~~~~
~~~~~~~~~~~~~~~~~~|||||||||||||/||||||||||||||~~~~~~~~~~~~~~~~~~
~~~~~~~~~~~~~~~~~~|__________________________|~~~~~~~~~~~~~~~~~~
~~~~~~~~~~~~~~~~~~|__________________________|~~~~~~~~~~~~~~~~~~
~~~~~~~~~~~~~~~~~~|__________________________|~~~~~~~~~~~~~~~~~~
~~~~~~~~~~~~~~~~~~|_____b_____b_____b_____b__|~~~~~~~~~~~~~~~~~~
~~~~~~~~~~~~~~~~~~|__________________________|~~~~~~~~~~~~~~~~~~
~~~~~~~~~~~~~~~~~~|__________________________|~~~~~~~~~~~~~~~~~~
~~~~~~~~~~~~~~~~~~|__________________________|~~~~~~~~~~~~~~~~~~
~~~~~~~~~~~~~~~~~~|||||||||||||/||||||||||||||~~~~~~~~~~~~~~~~~~
~~~~~~~~~~~~~~~~~~............................~~~~~~~~~~~~~~~~~~
~~~~~~~~~~~~~~~~~~............................~~~~~~~~~~~~~~~~~~
~~~~~~~~~~~~~~~~~~............................~~~~~~~~~~~~~~~~~~
~~~~~~~~~~~~~~~~~~~~~~~~~~~~~~~~~~~~~~~~~~~~~~~~~~~~~~~~~~~~~~~~
~~~~~~~~~~~~~~~~~~~~~~~~~~~~~~~~~~~~~~~~~~~~~~~~~~~~~~~~~~~~~~~~
~~~~~~~~~~~~~~~~~~~~~~~~~~~~~~~~~~~~~~~~~~~~~~~~~~~~~~~~~~~~~~~~
~~~~~~~~~~~~~~~~~~~~~~~~~~~~~~~~~~~~~~~~~~~~~~~~~~~~~~~~~~~~~~~~
~~~~~~~~~~~~~~~~~~~~~~~~~~~~~~~~~~~~~~~~~~~~~~~~~~~~~~~~~~~~~~~~
~~~~~~~~~~~~~~~~~~~~~~~~~~~~~~~~~~~~~~~~~~~~~~~~~~~~~~~~~~~~~~~~
~~~~~~~~~~~~~~~~~~~~~~~~~~~~~~~~~~~~~~~~~~~~~~~~~~~~~~~~~~~~~~~~
~~~~~~~~~~~~~~~~~~~~~~~~~~~~~~~~~~~~~~~~~~~~~~~~~~~~~~~~~~~~~~~~
~~~~~~~~~~~~~~~~~~~~~~~~~~~~~~~~~~~~~~~~~~~~~~~~~~~~~~~~~~~~~~~~
~~~~~~~~~~~~~~~~~~~~~~~~~~~~~~~~~~~~~~~~~~~~~~~~~~~~~~~~~~~~~~~~
~~~~~~~~~~~~~~~~~~~~~~~~~~~~~~~~~~~~~~~~~~~~~~~~~~~~~~~~~~~~~~~~
~~~~~~~~~~~~~~~~~~~~~~~~~~~~~~~~~~~~~~~~~~~~~~~~~~~~~~~~~~~~~~~~
~~~~~~~~~~~~~~~~~~~~~~~~~~~~~~~~~~~~~~~~~~~~~~~~~~~~~~~~~~~~~~~~
~~~~~~~~~~~~~~~~~~~~~~~~~~~~~~~~~~~~~~~~~~~~~~~~~~~~~~~~~~~~~~~~
~~~~~~~~~~~~~~~~~~~~~~~~~~~~~~~~~~~~~~~~~~~~~~~~~~~~~~~~~~~~~~~~
~~~~~~~~~~~~~~~~~~~~~~~~~~~~~~~~~~~~~~~~~~~~~~~~~~~~~~~~~~~~~~~~
~~~~~~~~~~~~~~~~~~~~~~~~~~~~~~~~~~~~~~~~~~~~~~~~~~~~~~~~~~~~~~~~
~~~~~~~~~~~~~~~~~~~~~~~~~~~~~~~~~~~~~~~~~~~~~~~~~~~~~~~~~~~~~~~~
~~~~~~~~~~~~~~~~~~~~~~~~~~~~~~~~~~~~~~~~~~~~~~~~~~~~~~~~~~~~~~~~
~~~~~~~~~~~~~~~~~~~~~~~~~~~~~~~~~~~~~~~~~~~~~~~~~~~~~~~~~~~~~~~~
~~~~~~~~~~~~~~~~~~~~~~~~~~~~~~~~~~~~~~~~~~~~~~~~~~~~~~~~~~~~~~~~
~~~~~~~~~~~~~~~~~~~~~~~~~~~~~~~~~~~~~~~~~~~~~~~~~~~~~~~~~~~~~~~~
~~~~~~~~~~~~~~~~~~~~~~~~~~~~~~~~~~~~~~~~~~~~~~~~~~~~~~~~~~~~~~~~
~~~~~~~~~~~~~~~~~~~~~~~~~~~~~~~~~~~~~~~~~~~~~~~~~~~~~~~~~~~~~~~~
