# MAPH - Thornhaven (Town, 64x64)
# Town with shops, NPCs, and local landmarks
~~~~~~~~~~~~~~~~~~~~~~~~~~~~~~~~~~~~~~~~~~~~~~~~~~~~~~~~~~~~~~~~
~~~~~~~~~~~~~~~~~~~~~~~~~~~~~~~~~~~~~~~~~~~~~~~~~~~~~~~~~~~~~~~~
~~~~~~~~~~~~~~~~~~~~~~~~~~~~~~~~~~~~~~~~~~~~~~~~~~~~~~~~~~~~~~~~
~~~~~~~~~~~~~~~~~~~~~~~~~~~~~~~~~~~~~~~~~~~~~~~~~~~~~~~~~~~~~~~~
~~~~~~~~~~~~~~~~~~~~~~~~~~~~~~~~~~~~~~~~~~~~~~~~~~~~~~~~~~~~~~~~
~~~~~~~~~~~~~~~~~~~~~~~~~~~~~~~~~~~~~~~~~~~~~~~~~~~~~~~~~~~~~~~~
~~~~~~~~~~~~~~~~~~~~~~~~~~~~~~~~~~~~~~~~~~~~~~~~~~~~~~~~~~~~~~~~
~~~~~~~~~~~~~~~~~~~~~~~~~~~~~~~~~~~~~~~~~~~~~~~~~~~~~~~~~~~~~~~~
~~~~~~~~~~~~~~~~~~~~~~~~~~~~~~~~~~~~~~~~~~~~~~~~~~~~~~~~~~~~~~~~
~~~~~~~~~~~~~~~~~~~~~~~~~~~~~~~~~~~~~~~~~~~~~~~~~~~~~~~~~~~~~~~~
~~~~~~~~~~~~~~~~................................~~~~~~~~~~~~~~~~
~~~~~~~~~~~~~~~~................................~~~~~~~~~~~~~~~~
~~~~~~~~~~~~~~~~................................~~~~~~~~~~~~~~~~
~~~~~~~~~~~~~~~~||||||||||||||||||||||||||||||||~~~~~~~~~~~~~~~~
~~~~~~~~~~~~~~~~|::::::::::::::::::::::::::::::|~~~~~~~~~~~~~~~~
~~~~~~~~~~~~~~~~|______________________________|~~~~~~~~~~~~~~~~
~~~~~~~~~~~~~~~~|______________________________|~~~~~~~~~~~~~~~~
~~~~~~~~~~~~~~~~|______________________________|~~~~~~~~~~~~~~~~
~~~~~~~~~~~~~~~~|____c_______|____c______|_____|~~~~~~~~~~~~~~~~
~~~~~~~~~~~~~~~~|___________/___________/______|~~~~~~~~~~~~~~~~
~~~~~~~~~~~~~~~~|______________________________|~~~~~~~~~~~~~~~~
~~~~~~~~~~~~~~~~|______________________________|~~~~~~~~~~~~~~~~
~~~~~~~~~~~~~~~~|______________________________|~~~~~~~~~~~~~~~~
~~~~~~~~~~~~~~~~|______________________________|~~~~~~~~~~~~~~~~
~~~~~~~~~~~~~~~~|______________________________|~~~~~~~~~~~~~~~~
~~~~~~~~~~~~~~~~|______________________________|~~~~~~~~~~~~~~~~
~~~~~~~~~~~~~~~~|||||||||||||||/||||||||||||||||~~~~~~~~~~~~~~~~
~~~~~~~~~~~~~~~~|______________________________|~~~~~~~~~~~~~~~~
~~~~~~~~~~~~~~~~|______________________________|~~~~~~~~~~~~~~~~
~~~~~~~~~~~~~~~~|______________________________|~~~~~~~~~~~~~~~~
~~~~~~~~~~~~~~~~|____c_______|____c______|_____|~~~~~~~~~~~~~~~~
~~~~~~~~~~~~~~~~|___________/___________/______|~~~~~~~~~~~~~~~~
~~~~~~~~~~~~~~~~|______________________________|~~~~~~~~~~~~~~~~
~~~~~~~~~~~~~~~~|______________________________|~~~~~~~~~~~~~~~~
~~~~~~~~~~~~~~~~|______________________________|~~~~~~~~~~~~~~~~
~~~~~~~~~~~~~~~~|______________________________|~~~~~~~~~~~~~~~~
~~~~~~~~~~~~~~~~|______________________________|~~~~~~~~~~~~~~~~
~~~~~~~~~~~~~~~~|::::::::::::::::::::::::::::::|~~~~~~~~~~~~~~~~
~~~~~~~~~~~~~~~~|||||||||||||||/||||||||||||||||~~~~~~~~~~~~~~~~
~~~~~~~~~~~~~~~~................................~~~~~~~~~~~~~~~~
~~~~~~~~~~~~~~~~................................~~~~~~~~~~~~~~~~
~~~~~~~~~~~~~~~~................................~~~~~~~~~~~~~~~~
~~~~~~~~~~~~~~~~~~~~~~~~~~~~~~~~~~~~~~~~~~~~~~~~~~~~~~~~~~~~~~~~
~~~~~~~~~~~~~~~~~~~~~~~~~~~~~~~~~~~~~~~~~~~~~~~~~~~~~~~~~~~~~~~~
~~~~~~~~~~~~~~~~~~~~~~~~~~~~~~~~~~~~~~~~~~~~~~~~~~~~~~~~~~~~~~~~
~~~~~~~~~~~~~~~~~~~~~~~~~~~~~~~~~~~~~~~~~~~~~~~~~~~~~~~~~~~~~~~~
~~~~~~~~~~~~~~~~~~~~~~~~~~~~~~~~~~~~~~~~~~~~~~~~~~~~~~~~~~~~~~~~
~~~~~~~~~~~~~~~~~~~~~~~~~~~~~~~~~~~~~~~~~~~~~~~~~~~~~~~~~~~~~~~~
~~~~~~~~~~~~~~~~~~~~~~~~~~~~~~~~~~~~~~~~~~~~~~~~~~~~~~~~~~~~~~~~
~~~~~~~~~~~~~~~~~~~~~~~~~~~~~~~~~~~~~~~~~~~~~~~~~~~~~~~~~~~~~~~~
~~~~~~~~~~~~~~~~~~~~~~~~~~~~~~~~~~~~~~~~~~~~~~~~~~~~~~~~~~~~~~~~
~~~~~~~~~~~~~~~~~~~~~~~~~~~~~~~~~~~~~~~~~~~~~~~~~~~~~~~~~~~~~~~~
~~~~~~~~~~~~~~~~~~~~~~~~~~~~~~~~~~~~~~~~~~~~~~~~~~~~~~~~~~~~~~~~
~~~~~~~~~~~~~~~~~~~~~~~~~~~~~~~~~~~~~~~~~~~~~~~~~~~~~~~~~~~~~~~~
~~~~~~~~~~~~~~~~~~~~~~~~~~~~~~~~~~~~~~~~~~~~~~~~~~~~~~~~~~~~~~~~
~~~~~~~~~~~~~~~~~~~~~~~~~~~~~~~~~~~~~~~~~~~~~~~~~~~~~~~~~~~~~~~~
~~~~~~~~~~~~~~~~~~~~~~~~~~~~~~~~~~~~~~~~~~~~~~~~~~~~~~~~~~~~~~~~
~~~~~~~~~~~~~~~~~~~~~~~~~~~~~~~~~~~~~~~~~~~~~~~~~~~~~~~~~~~~~~~~
~~~~~~~~~~~~~~~~~~~~~~~~~~~~~~~~~~~~~~~~~~~~~~~~~~~~~~~~~~~~~~~~
~~~~~~~~~~~~~~~~~~~~~~~~~~~~~~~~~~~~~~~~~~~~~~~~~~~~~~~~~~~~~~~~
~~~~~~~~~~~~~~~~~~~~~~~~~~~~~~~~~~~~~~~~~~~~~~~~~~~~~~~~~~~~~~~~
~~~~~~~~~~~~~~~~~~~~~~~~~~~~~~~~~~~~~~~~~~~~~~~~~~~~~~~~~~~~~~~~
~~~~~~~~~~~~~~~~~~~~~~~~~~~~~~~~~~~~~~~~~~~~~~~~~~~~~~~~~~~~~~~~
~~~~~~~~~~~~~~~~~~~~~~~~~~~~~~~~~~~~~~~~~~~~~~~~~~~~~~~~~~~~~~~~
