# MAPP - Abyss of Chains (Dungeon, 8 levels x 16x16)
# .=Open #=Wall D=Door >=Secret $=Chest V=Down ^=Up T=Trap F=Fountain M=Mark
# Level 1
################
#V######.#######
##.....#.#######
##.....#.#######
##.....D.#######
##.....#.#######
##.....#.#######
########.#######
#..............#
########.#######
########.#######
########.#######
########.#######
########.#######
########.#######
################
# Level 2
################
#V######.#####^#
##.....#.#.....#
##.....#.#.....#
##.....>.D.....#
##.....#.#.....#
##.....#.#.....#
########.#######
#..............#
########.#######
########.#######
########.#######
########.#######
########.#######
########.#######
################
# Level 3
################
#V######.#####^#
##.....#.#.....#
##.....#.#.....#
##.....>.D.....#
##.....#.#.....#
##.....#.#.....#
########.#######
#..............#
########.#######
##.....#.#######
##.....#.#######
##.....D.#######
##.....#.#######
##.....$.#######
################
# Level 4
################
#V######.#####^#
##.....#.#.....#
##.....#.#.....#
##.....>.D.....#
##.....#.#.....#
##.....#.#.....#
########.#######
#..............#
########.#######
##.....#.#.....#
##.....#.#.....#
##.T...D.D.....#
##.....#.#.....#
##.....$.#.....#
################
# Level 5
################
#V######.#####^#
##.....#.#.....#
##.....#.#..F..#
##.....>.D.....#
##.....#.#.....#
##.....#.#.....#
########.#######
#..............#
########.#######
##.....#.#.....#
##.....#.#.....#
##.T...D.D.....#
##.....#.#.....#
##.....$.#.....#
################
# Level 6
################
#V######.#####^#
##.....#.#.....#
##.....#.#..F..#
##.....>.D.....#
##.....#.#.....#
##.....#.#.....#
########.#######
#..............#
########.#######
##.....#.#.....#
##.....#.#.....#
##.T...D.D.....#
##.....#.#.....#
##.....$.#.....#
################
# Level 7
################
#V######.#####^#
##.....#.#.....#
##.....#.#..F..#
##.....>.D.....#
##.....#.#.....#
##.....#.#.....#
########.#######
#..............#
########.#######
##.....#.#.....#
##.....#.#.....#
##.T...D.D.....#
##.....#.#.....#
##.....$.#.....#
################
# Level 8
################
########.#####^#
##.....#.#.....#
##.....#.#..F..#
##.....>.D.....#
##.....#.#.....#
##.....#.#.....#
########.#######
#..............#
########.#######
##.....#.#.....#
##.....#.#.....#
##.T...D.D.....#
##.....#.#.....#
##.....$.#....$#
################
