# MAPZ - Voidborn's Nexus (Final Castle, 64x64)
# Void-surrounded fortress of the Voidborn
****************************************************************
****************************************************************
****************************************************************
****************************************************************
****************************************************************
****************************************************************
****************************************************************
****************************************************************
****************************************************************
****************************************************************
******************............................******************
******************............................******************
******************............................******************
******************............................******************
******************||||||||||||||||||||||||||||******************
******************|__________________________|******************
******************|__________________________|******************
******************|__________________________|******************
******************|__________________________|******************
******************|||||||||||||/||||||||||||||******************
******************|__________________________|******************
******************|__________________________|******************
******************|__________________________|******************
******************|____________%_____________|******************
******************|__________________________|******************
******************|__________________________|******************
******************|__________________________|******************
******************|__________________________|******************
******************|__________________________|******************
******************|||||||||||||/||||||||||||||******************
******************|__________________________|******************
******************|__________________________|******************
******************|__________________________|******************
******************|||||||||||||/||||||||||||||******************
******************............................******************
******************............................******************
******************............................******************
******************............................******************
****************************************************************
****************************************************************
****************************************************************
****************************************************************
****************************************************************
****************************************************************
****************************************************************
****************************************************************
****************************************************************
****************************************************************
****************************************************************
****************************************************************
****************************************************************
****************************************************************
****************************************************************
****************************************************************
****************************************************************
****************************************************************
****************************************************************
****************************************************************
****************************************************************
****************************************************************
****************************************************************
****************************************************************
****************************************************************
****************************************************************
